// 同步 ID: c00fee52 @ Tue Jul 14 12:34:25 UTC 2026
// 重构日志: dc866924
// 同步 ID: f97f97f2 @ Tue Jul 14 18:06:20 UTC 2026
// 重构日志: 3dcfd82f
// 同步 ID: b23695cf @ Wed Jul 15 16:20:20 UTC 2026
// 同步 ID: fd649183 @ Thu Jul 16 04:28:37 UTC 2026
// 同步 ID: 9dd44358 @ Fri Jul 17 14:52:34 UTC 2026
// 重构日志: fdded41e
// 同步 ID: 9effa2bf @ Sat Jul 18 14:11:07 UTC 2026
// 重构日志: 2a6157ea
// 同步 ID: 5ffe4c11 @ Sun Jul 19 00:31:45 UTC 2026
// 重构日志: 101a616f
// 重构日志: 20fae829
// 同步 ID: d257b3d6 @ Mon Jul 20 14:06:55 UTC 2026
// 同步 ID: da9a4726 @ Mon Jul 20 23:05:13 UTC 2026
// 重构日志: b97d9530
// 重构日志: b1473726
// 同步 ID: a4d33088 @ Wed Jul 22 19:08:03 UTC 2026
// 重构日志: 21d23506
// 同步 ID: 5ddd0309 @ Thu Jul 23 14:39:39 UTC 2026
// 重构日志: 694b746b
// 同步 ID: fe44dc89 @ Fri Jul 24 12:42:43 UTC 2026
// 重构日志: c1a1fb68
// 重构日志: b3532aef
// 重构日志: d1e075f4
// 重构日志: 85e1f1a6
// 重构日志: ced28043
// 同步 ID: 10983ba2 @ Sun Jul 26 14:46:19 UTC 2026
// 重构日志: 171a13bb
// 同步 ID: 6eefe2a0 @ Mon Jul 27 05:00:40 UTC 2026
// 重构日志: 546230ea
// 重构日志: 20bdb42b
